[00:01:02] [Server thread/INFO]: [Not Secure] <XxMatos15> vamos al dragon
[00:01:05] [Server thread/INFO]: [Not Secure] <XxMatos15> vamos al dragon
[00:01:06] [Server thread/INFO]: [Not Secure] <XxMatos15> vamos al dragon
[00:01:07] [Server thread/INFO]: [Not Secure] <XxMatos15> vamos al dragon
[00:01:08] [Server thread/INFO]: [Not Secure] <XxMatos15> vamos al dragon
[00:01:08] [Server thread/INFO]: [Not Secure] <XxMatos15> vamos al dragon
[00:01:09] [Server thread/INFO]: [Not Secure] <XxMatos15> vamos al dragon
[00:01:09] [Server thread/INFO]: [Not Secure] <XxMatos15> vamos al dragon
[00:01:10] [Server thread/INFO]: [Not Secure] <XxMatos15> vamos al dragon
[00:01:10] [Server thread/INFO]: [Not Secure] <XxMatos15> vamos al dragon
[00:01:26] [Server thread/INFO]: [XxMatos15: Set the weather to rain & thunder]
[00:01:29] [Server thread/INFO]: [Not Secure] <pingaparaangel> diego esta afk
[00:01:31] [Server thread/INFO]: [XxMatos15: Set the time to 1000]
[00:01:39] [Server thread/INFO]: [Not Secure] <XxMatos15> XD
[00:01:48] [Server thread/INFO]: [XxMatos15: Set own game mode to Creative Mode]
[00:02:12] [Server thread/INFO]: [XxMatos15: Set own game mode to Spectator Mode]
[00:03:06] [Server thread/INFO]: [Not Secure] <Ram_Tz> me fui a caIentar mi sopa bro
[00:03:16] [Server thread/INFO]: [XxMatos15: Set own game mode to Creative Mode]
[00:03:29] [Server thread/INFO]: [Not Secure] <Ram_Tz> go dragín?
[00:03:30] [Server thread/INFO]: [XxMatos15: Set own game mode to Spectator Mode]
[00:03:36] [Server thread/INFO]: [XxMatos15: Set own game mode to Creative Mode]
[00:03:37] [Server thread/INFO]: pingaparaangel has made the advancement [Who is Cutting Onions?]
[00:03:47] [Server thread/INFO]: [XxMatos15: Set own game mode to Survival Mode]
[00:03:52] [Server thread/INFO]: [Not Secure] <pingaparaangel> go
[00:04:06] [Server thread/INFO]: [XxMatos15: Summoned new Lightning Bolt]
[00:04:07] [Server thread/INFO]: [XxMatos15: Summoned new Lightning Bolt]
[00:04:08] [Server thread/INFO]: [XxMatos15: Set own game mode to Spectator Mode]
[00:04:15] [Server thread/INFO]: [Not Secure] <Ram_Tz> pasen fIechas
[00:04:15] [Server thread/INFO]: [XxMatos15: Set own game mode to Survival Mode]
[00:04:18] [Server thread/INFO]: [XxMatos15: Summoned new Lightning Bolt]
[00:04:23] [Server thread/INFO]: [XxMatos15: Summoned new Lightning Bolt]
[00:04:25] [Server thread/INFO]: [Not Secure] <pingaparaangel> zzzzzzz
[00:04:28] [Server thread/INFO]: [XxMatos15: Summoned new Lightning Bolt]
[00:04:33] [Server thread/INFO]: [XxMatos15: Summoned new Lightning Bolt]
[00:04:36] [Server thread/INFO]: [Not Secure] <pingaparaangel> no tengo
[00:04:36] [Server thread/INFO]: [XxMatos15: Summoned new Lightning Bolt]
[00:05:34] [Server thread/INFO]: [XxMatos15: Set own game mode to Creative Mode]
[00:06:14] [Server thread/INFO]: [XxMatos15: Set own game mode to Survival Mode]
[00:06:25] [Server thread/INFO]: [XxMatos15: Set own game mode to Creative Mode]
[00:06:35] [Server thread/INFO]: [XxMatos15: Set own game mode to Survival Mode]
[00:06:46] [Server thread/INFO]: [Not Secure] <XxMatos15> ya
[00:06:49] [Server thread/INFO]: [Not Secure] <XxMatos15> vamo
[00:06:50] [Server thread/INFO]: [Not Secure] <XxMatos15> vamo
[00:07:04] [Server thread/INFO]: pingaparaangel has made the advancement [Cover Me with Diamonds]
[00:07:10] [Server thread/INFO]: [XxMatos15: Set own game mode to Creative Mode]
[00:07:26] [Server thread/INFO]: [XxMatos15: Set own game mode to Survival Mode]
[00:07:29] [Server thread/INFO]: [Not Secure] <pingaparaangel> pasen armadura de diamante
[00:07:35] [Server thread/INFO]: [Not Secure] <XxMatos15> diego tiene
[00:07:36] [Server thread/INFO]: [Not Secure] <pingaparaangel> tengo el casco nomas
[00:07:53] [Server thread/INFO]: [XxMatos15: Set own game mode to Creative Mode]
[00:08:31] [Server thread/INFO]: [XxMatos15: Set own game mode to Survival Mode]
[00:09:01] [Server thread/INFO]: [Not Secure] <Ram_Tz> hagan tp
[00:09:10] [Server thread/INFO]: [XxMatos15: Teleported XxMatos15 to Ram_Tz]
[00:09:37] [Server thread/INFO]: XxMatos15 has made the advancement [Enchanter]
[00:10:01] [Server thread/INFO]: [XxMatos15: Set own game mode to Creative Mode]
[00:10:19] [Server thread/INFO]: [Not Secure] <Ram_Tz> tp bro
[00:10:21] [Server thread/INFO]: [Not Secure] <pingaparaangel> pasen armadura de diamante
[00:10:30] [Server thread/INFO]: [XxMatos15: Set own game mode to Survival Mode]
[00:10:33] [Server thread/INFO]: [Not Secure] <XxMatos15> no tengo
[00:10:42] [Server thread/INFO]: [Not Secure] <pingaparaangel> pasa tus siamantes p
[00:11:00] [Server thread/INFO]: [Not Secure] <Ram_Tz> yerson agarró to Ios diamantes, están en su cofre
[00:11:03] [Server thread/INFO]: XxMatos15 has made the advancement [Take Aim]
[00:11:07] [Server thread/INFO]: [Not Secure] <pingaparaangel> ya
[00:11:52] [Server thread/WARN]: Horse (vehicle of Ram_Tz) moved too quickly! -1.4020020162079163,0.0,-9.90969432711745
[00:11:52] [Server thread/WARN]: Horse (vehicle of Ram_Tz) moved too quickly! -1.2539475699186369,0.0,-10.335948281920537
[00:11:52] [Server thread/WARN]: Horse (vehicle of Ram_Tz) moved too quickly! -1.0973466623599961,0.0,-10.756668053156602
[00:11:52] [Server thread/WARN]: Horse (vehicle of Ram_Tz) moved too quickly! -1.0320542557738008,0.0,-11.236809292418855
[00:11:52] [Server thread/WARN]: Horse (vehicle of Ram_Tz) moved too quickly! -1.01661629650971,0.0,-11.74939465699191
[00:11:52] [Server thread/WARN]: Horse (vehicle of Ram_Tz) moved too quickly! -1.0283988686451266,0.0,-12.279694516042184
[00:11:52] [Server thread/WARN]: Horse (vehicle of Ram_Tz) moved too quickly! -1.055043852651579,0.0,-12.819666490200518
[00:12:32] [Server thread/INFO]: [Not Secure] <Ram_Tz> oe, tp
[00:12:42] [Server thread/INFO]: [Not Secure] <Ram_Tz> vamos por eI drogón
[00:12:59] [Server thread/INFO]: Locating element minecraft:stronghold took 113 ms
[00:13:02] [Server thread/INFO]: [XxMatos15: Set own game mode to Creative Mode]
[00:13:04] [Server thread/INFO]: [XxMatos15: Teleported XxMatos15 to -4239.500000, 83.000000, -2047.500000]
[00:13:12] [Server thread/INFO]: [XxMatos15: Set own game mode to Survival Mode]
[00:13:13] [Server thread/INFO]: [Not Secure] <pingaparaangel> y tu angel con montura?
[00:13:29] [Server thread/INFO]: [XxMatos15: Teleported pingaparaangel to XxMatos15]
[00:13:34] [Server thread/INFO]: [XxMatos15: Teleported Ram_Tz to XxMatos15]
[00:13:49] [Server thread/INFO]: Ram_Tz was doomed to fall by XxMatos15
[00:13:56] [Server thread/INFO]: [Not Secure] <pingaparaangel> xddddddddddddd
[00:13:57] [Server thread/INFO]: [Not Secure] <Ram_Tz> xd
[00:14:09] [Server thread/INFO]: [XxMatos15: Set own game mode to Creative Mode]
[00:14:11] [Server thread/INFO]: [Not Secure] <Ram_Tz> tu ere chistoso yerson
[00:14:18] [Server thread/INFO]: [XxMatos15: Set own game mode to Survival Mode]
[00:14:20] [Server thread/INFO]: [XxMatos15: Teleported Ram_Tz to XxMatos15]
[00:15:02] [Server thread/INFO]: [Not Secure] <Ram_Tz> pasen mis fIechas bros
[00:15:10] [Server thread/INFO]: [Not Secure] <pingaparaangel> no tengo
[00:15:16] [Server thread/INFO]: [XxMatos15: Set own game mode to Creative Mode]
[00:15:20] [Server thread/INFO]: [Not Secure] <pingaparaangel> jherson agarro tdo}
[00:15:29] [Server thread/INFO]: [XxMatos15: Set own game mode to Survival Mode]
[00:15:38] [Server thread/INFO]: [Not Secure] <Ram_Tz> mi cubo de awa
[00:16:21] [Server thread/INFO]: [XxMatos15: Set own game mode to Spectator Mode]
[00:16:27] [Server thread/INFO]: XxMatos15 has made the advancement [Minecraft: Trial(s) Edition]
[00:16:31] [Server thread/INFO]: [XxMatos15: Set own game mode to Survival Mode]
[00:16:34] [Server thread/INFO]: [XxMatos15: Teleported Ram_Tz to XxMatos15]
[00:16:34] [Server thread/INFO]: Ram_Tz has made the advancement [Minecraft: Trial(s) Edition]
[00:16:46] [Server thread/INFO]: [Not Secure] <Ram_Tz> oe, spawn acá
[00:16:54] [Server thread/INFO]: [XxMatos15: Teleported pingaparaangel to XxMatos15]
[00:16:54] [Server thread/INFO]: pingaparaangel has made the advancement [Minecraft: Trial(s) Edition]
[00:16:59] [Server thread/INFO]: Ram_Tz was impaled on a stalagmite
[00:16:59] [Server thread/INFO]: [Not Secure] <pingaparaangel> qn fue el subnormal q puso awa
[00:17:21] [Server thread/INFO]: [Not Secure] <Ram_Tz> pica ahí
[00:17:44] [Server thread/INFO]: [Not Secure] <XxMatos15> me encontre cosas
[00:18:50] [Server thread/INFO]: [XxMatos15: Set own game mode to Spectator Mode]
[00:19:13] [Server thread/INFO]: XxMatos15 has made the advancement [Eye Spy]
[00:19:14] [Server thread/INFO]: [Not Secure] <pingaparaangel> tremendo tp
[00:19:29] [Server thread/INFO]: [XxMatos15: Set own game mode to Survival Mode]
[00:19:39] [Server thread/INFO]: [Not Secure] <XxMatos15> me enontre una llave
[00:19:43] [Server thread/INFO]: [Not Secure] <XxMatos15> pa q esd
[00:20:00] [Server thread/INFO]: pingaparaangel has made the advancement [Eye Spy]
[00:20:35] [Server thread/INFO]: [Not Secure] <pingaparaangel> lo0 encontre
[00:21:02] [Server thread/INFO]: [Not Secure] <pingaparaangel> me violan las mini alison
[00:21:08] [Server thread/INFO]: [XxMatos15: Set own game mode to Spectator Mode]
[00:21:25] [Server thread/INFO]: [XxMatos15: Set own game mode to Survival Mode]
[00:21:40] [Server thread/INFO]: [XxMatos15: Set own game mode to Spectator Mode]
[00:21:57] [Server thread/INFO]: [XxMatos15: Set own game mode to Creative Mode]
[00:23:37] [Server thread/INFO]: [XxMatos15: Set own game mode to Spectator Mode]
[00:25:40] [Server thread/INFO]: [Not Secure] <pingaparaangel> pasen comida
[00:25:48] [Server thread/INFO]: [Not Secure] <pingaparaangel> tengo 1 corazon
[00:26:34] [Server thread/WARN]: pingaparaangel moved wrongly!
[00:26:38] [Server thread/INFO]: [Not Secure] <XxMatos15> estouy lejos
[00:27:43] [Server thread/INFO]: [Not Secure] <pingaparaangel> diego pasa comida
[00:27:55] [Server thread/INFO]: [Not Secure] <Ram_Tz> no tengo xd
[00:28:14] [Server thread/INFO]: Locating element minecraft:stronghold took 0 ms
[00:28:16] [Server thread/INFO]: [XxMatos15: Teleported XxMatos15 to -4239.500000, -0.381128, -2047.500000]
[00:28:33] [Server thread/INFO]: [Not Secure] <XxMatos15> esta bugueado
[00:28:36] [Server thread/INFO]: [Not Secure] <XxMatos15> el portal
[00:28:43] [Server thread/INFO]: [Not Secure] <pingaparaangel> pa eso
[00:28:53] [Server thread/INFO]: Ram_Tz has made the advancement [Eye Spy]
[00:28:58] [Server thread/INFO]: [Not Secure] <pingaparaangel> t
[00:28:58] [Server thread/INFO]: [XxMatos15: Teleported XxMatos15 to Ram_Tz]
[00:29:15] [Server thread/INFO]: [XxMatos15: Set own game mode to Survival Mode]
[00:29:27] [Server thread/INFO]: XxMatos15 has made the advancement [The End?]
[00:29:27] [Server thread/INFO]: [Not Secure] <pingaparaangel> pasa cpomida
[00:29:28] [Server thread/INFO]: Scanning for legacy world dragon fight...
[00:29:28] [Server thread/INFO]: Found that the dragon has not yet been killed in this world.
[00:29:38] [Server thread/INFO]: pingaparaangel has made the advancement [The End?]
[00:29:40] [Server thread/INFO]: [Not Secure] <Ram_Tz> yo Io veo bien bro
[00:29:57] [Server thread/INFO]: Ram_Tz has made the advancement [The End?]
[00:29:59] [Server thread/INFO]: [Not Secure] <pingaparaangel> pasa comida p chifon
[00:32:22] [Server thread/INFO]: [Not Secure] <pingaparaangel> pase comida p
[00:32:55] [Server thread/INFO]: [Not Secure] <pingaparaangel> bop uedo bajar
[00:32:57] [Server thread/INFO]: [Not Secure] <XxMatos15> COGE
[00:33:02] [Server thread/INFO]: [Not Secure] <pingaparaangel> me muero
[00:33:29] [Server thread/INFO]: Ram_Tz fell out of the world
[00:33:33] [Server thread/INFO]: [Not Secure] <XxMatos15> XD
[00:33:34] [Server thread/INFO]: [Not Secure] <pingaparaangel> XD
[00:33:36] [Server thread/INFO]: [Not Secure] <Ram_Tz> XD
[00:33:39] [Server thread/INFO]: [XxMatos15: Teleported Ram_Tz to XxMatos15]
[00:33:57] [Server thread/INFO]: [Not Secure] <Ram_Tz> para que me haces tp bro, si no tengo na
[00:34:07] [Server thread/INFO]: [Not Secure] <XxMatos15> quedae parado
[00:34:28] [Server thread/INFO]: [Not Secure] <Ram_Tz> pasense un hacha
[00:35:00] [Server thread/INFO]: XxMatos15 was doomed to fall by Ender Dragon
[00:35:00] [Server thread/INFO]: [Not Secure] <XxMatos15> XD
[00:35:07] [Server thread/INFO]: [XxMatos15: Teleported XxMatos15 to Ram_Tz]
[00:35:19] [Server thread/INFO]: [XxMatos15: Set own game mode to Spectator Mode]
[00:35:33] [Server thread/INFO]: pingaparaangel was killed by Ender Dragon using magic
[00:35:46] [Server thread/INFO]: [XxMatos15: Set own game mode to Survival Mode]
[00:36:03] [Server thread/INFO]: [Not Secure] <pingaparaangel> nose porq apareci en la cama de diego
[00:36:09] [Server thread/INFO]: [XxMatos15: Teleported pingaparaangel to XxMatos15]
[00:36:39] [Server thread/INFO]: [Not Secure] <pingaparaangel> pasa mis coas
[00:36:42] [Server thread/INFO]: XxMatos15 has made the advancement [Free the End]
[00:36:49] [Server thread/INFO]: Ram_Tz was shot by XxMatos15
[00:36:53] [Server thread/INFO]: pingaparaangel was shot by XxMatos15
[00:37:00] [Server thread/INFO]: [Not Secure] <Ram_Tz> tmr bro
[00:37:09] [Server thread/INFO]: [Not Secure] <pingaparaangel> ta q le pica el ano
[00:37:18] [Server thread/INFO]: [Not Secure] <Ram_Tz> encima de usar creativo, matas
[00:37:35] [Server thread/INFO]: [Not Secure] <XxMatos15> gracias x ayudara matar al dragon
[00:37:46] [Server thread/INFO]: [Not Secure] <pingaparaangel> yo no hize nd xd
[00:37:47] [Server thread/INFO]: [Not Secure] <XxMatos15> mucha experiencia
[00:37:53] [Server thread/INFO]: [XxMatos15: Teleported pingaparaangel to XxMatos15]
[00:37:56] [Server thread/INFO]: [Not Secure] <Ram_Tz> avanza mierda, haz tp pa terminar eI yuego
[00:37:57] [Server thread/INFO]: [XxMatos15: Teleported Ram_Tz to XxMatos15]
[00:38:20] [Server thread/INFO]: [Not Secure] <pingaparaangel> pasa oe
[00:38:36] [Server thread/INFO]: pingaparaangel was slain by Ram_Tz
[00:38:43] [Server thread/INFO]: [XxMatos15: Teleported XxMatos15 to Ram_Tz]
[00:38:52] [Server thread/INFO]: XxMatos15 has reached the goal [The Next Generation]
[00:39:20] [Server thread/INFO]: [Not Secure] <Ram_Tz> go casa
[00:39:24] [Server thread/INFO]: [Not Secure] <XxMatos15> y la jato
[00:39:30] [Server thread/INFO]: Ram_Tz was shot by XxMatos15
[00:39:36] [Server thread/INFO]: [XxMatos15: Teleported Ram_Tz to XxMatos15]
[00:39:36] [Server thread/INFO]: pingaparaangel lost connection: Disconnected
[00:39:36] [Server thread/INFO]: pingaparaangel left the game
[00:39:44] [Server thread/INFO]: [Not Secure] <XxMatos15> tienes las cordenadas
[00:39:46] [Server thread/INFO]: [Not Secure] <XxMatos15> ?
[00:40:01] [Server thread/INFO]: pingaparaangel[/172.28.117.248:59313] logged in with entity id 79502 at (-4396.073734091148, 103.0, -336.08886973156336)
[00:40:01] [Server thread/INFO]: pingaparaangel joined the game
[00:40:12] [Server thread/INFO]: [Not Secure] <Ram_Tz> es -4550.000 / 82 creo y 250
[00:40:17] [Server thread/INFO]: pingaparaangel lost connection: Disconnected
[00:40:17] [Server thread/INFO]: pingaparaangel left the game
[00:40:21] [Server thread/INFO]: [XxMatos15: Teleported Ram_Tz to XxMatos15]
[00:40:23] [Server thread/INFO]: [Not Secure] <Ram_Tz> todo es menos bro
[00:40:53] [Server thread/WARN]: Mismatch in destroy block pos: ja{x=164, y=72, z=278} ja{x=143, y=69, z=267}
[00:40:54] [Server thread/WARN]: Mismatch in destroy block pos: ja{x=164, y=72, z=278} ja{x=143, y=69, z=267}
[00:40:54] [Server thread/WARN]: Mismatch in destroy block pos: ja{x=164, y=72, z=278} ja{x=143, y=69, z=267}
[00:40:54] [Server thread/WARN]: Mismatch in destroy block pos: ja{x=164, y=72, z=278} ja{x=142, y=68, z=267}
[00:41:23] [Server thread/WARN]: Mismatch in destroy block pos: ja{x=142, y=70, z=278} ja{x=129, y=67, z=250}
[00:41:24] [Server thread/WARN]: Mismatch in destroy block pos: ja{x=142, y=70, z=278} ja{x=128, y=67, z=250}
[00:41:24] [Server thread/WARN]: Mismatch in destroy block pos: ja{x=142, y=70, z=278} ja{x=128, y=67, z=250}
[00:41:24] [Server thread/WARN]: Mismatch in destroy block pos: ja{x=142, y=70, z=278} ja{x=129, y=67, z=250}
[00:41:24] [Server thread/WARN]: Mismatch in destroy block pos: ja{x=142, y=70, z=278} ja{x=129, y=67, z=250}
[00:41:27] [Server thread/WARN]: Mismatch in destroy block pos: ja{x=142, y=70, z=278} ja{x=131, y=67, z=254}
[00:41:27] [Server thread/WARN]: Mismatch in destroy block pos: ja{x=142, y=70, z=278} ja{x=131, y=67, z=254}
[00:41:27] [Server thread/WARN]: Mismatch in destroy block pos: ja{x=142, y=70, z=278} ja{x=131, y=67, z=255}
[00:41:28] [Server thread/WARN]: Mismatch in destroy block pos: ja{x=142, y=70, z=278} ja{x=130, y=67, z=255}
[00:41:28] [Server thread/WARN]: Mismatch in destroy block pos: ja{x=142, y=70, z=278} ja{x=129, y=67, z=255}
[00:41:30] [Server thread/INFO]: [Not Secure] <XxMatos15> no es
[00:41:30] [Server thread/WARN]: Mismatch in destroy block pos: ja{x=142, y=70, z=278} ja{x=130, y=67, z=262}
[00:41:30] [Server thread/WARN]: Mismatch in destroy block pos: ja{x=142, y=70, z=278} ja{x=130, y=67, z=261}
[00:42:00] [Server thread/INFO]: [Not Secure] <XxMatos15> ahora
[00:42:08] [Server thread/INFO]: [XxMatos15: Set own game mode to Spectator Mode]
[00:42:23] [Server thread/INFO]: [XxMatos15: Set own game mode to Creative Mode]
[00:42:44] [Server thread/INFO]: [Not Secure] <Ram_Tz> osea, es -4552.000/ -82.00000 / -250.0000 algo así
[00:43:47] [Server thread/INFO]: [XxMatos15: Teleported XxMatos15 to -553.500000, 82.000000, -40.500000]
[00:43:58] [Server thread/INFO]: [XxMatos15: Set own game mode to Survival Mode]
[00:44:08] [Server thread/INFO]: [XxMatos15: Teleported Ram_Tz to XxMatos15]
[00:44:18] [Server thread/INFO]: [Not Secure] <XxMatos15> mañana entro
[00:44:38] [Server thread/INFO]: [Not Secure] <Ram_Tz> espera
[00:45:44] [Server thread/INFO]: [Not Secure] <XxMatos15> ya
[00:45:44] [Server thread/INFO]: [Not Secure] <XxMatos15> ya
[00:45:45] [Server thread/INFO]: [Not Secure] <XxMatos15> ya
[00:45:47] [Server thread/INFO]: [Not Secure] <XxMatos15> ya
[00:46:06] [Server thread/INFO]: Ram_Tz lost connection: Disconnected
[00:46:06] [Server thread/INFO]: Ram_Tz left the game
[00:46:34] [Server thread/INFO]: XxMatos15 lost connection: Disconnected
[00:46:34] [Server thread/INFO]: XxMatos15 left the game
[00:47:34] [Server thread/INFO]: Server empty for 60 seconds, pausing
